Assuming unrestricted shared filesystem usage.
host: student-workstation
Building DAG of jobs...
Using shell: /usr/bin/bash
Provided cores: 1 (use --cores to define parallelism)
Rules claiming more threads will be scaled down.
Job stats:
job                count
---------------  -------
all                    1
analyze_pm25           2
clean_pm25_year        2
download_pm25          2
pubmed_year            2
report_task4           1
total                 10

Select jobs to execute...
Execute 1 jobs...
[Fri Feb 13 18:13:13 2026]
localrule download_pm25:
    output: data/raw/pm25_2021.pkl
    jobid: 3
    reason: Missing output files: data/raw/pm25_2021.pkl
    wildcards: year=2021
    resources: tmpdir=/tmp
Shell command: python src/wczytywanie.py --year 2021 --output data/raw/pm25_2021.pkl
Select jobs to execute...
[Fri Feb 13 18:14:18 2026]
Finished jobid: 3 (Rule: download_pm25)
1 of 10 steps (10%) done
Execute 1 jobs...
[Fri Feb 13 18:14:18 2026]
localrule clean_pm25_year:
    input: data/raw/pm25_2021.pkl, src/czyszczenie_danych.py
    output: data/processed/pm25_2021_cleaned.pkl
    jobid: 2
    reason: Missing output files: data/processed/pm25_2021_cleaned.pkl; Input files updated by another job: data/raw/pm25_2021.pkl
    wildcards: year=2021
    resources: tmpdir=/tmp
Shell command: python src/czyszczenie_danych.py --input data/raw/pm25_2021.pkl --year 2021 --output data/processed/pm25_2021_cleaned.pkl --cities Warszawa Katowice
Select jobs to execute...
RuleException:
CalledProcessError in file "/home/ania/Desktop/Projekt3_ZTP/Snakefile", line 39:
Command 'set -euo pipefail;  python src/czyszczenie_danych.py --input data/raw/pm25_2021.pkl --year 2021 --output data/processed/pm25_2021_cleaned.pkl --cities Warszawa Katowice' returned non-zero exit status 2.
[Fri Feb 13 18:14:18 2026]
Error in rule clean_pm25_year:
    message: None
    jobid: 2
    input: data/raw/pm25_2021.pkl, src/czyszczenie_danych.py
    output: data/processed/pm25_2021_cleaned.pkl
    shell:
        python src/czyszczenie_danych.py --input data/raw/pm25_2021.pkl --year 2021 --output data/processed/pm25_2021_cleaned.pkl --cities Warszawa Katowice
        (command exited with non-zero exit code)
Shutting down, this might take some time.
Exiting because a job execution failed. Look below for error messages
[Fri Feb 13 18:14:19 2026]
Error in rule clean_pm25_year:
    message: None
    jobid: 2
    input: data/raw/pm25_2021.pkl, src/czyszczenie_danych.py
    output: data/processed/pm25_2021_cleaned.pkl
    shell:
        python src/czyszczenie_danych.py --input data/raw/pm25_2021.pkl --year 2021 --output data/processed/pm25_2021_cleaned.pkl --cities Warszawa Katowice
        (command exited with non-zero exit code)
Complete log(s): /home/ania/Desktop/Projekt3_ZTP/.snakemake/log/2026-02-13T181313.291445.snakemake.log
WorkflowError:
At least one job did not complete successfully.
