Assuming unrestricted shared filesystem usage.
host: student-workstation
Building DAG of jobs...
Using shell: /usr/bin/bash
Provided cores: 1 (use --cores to define parallelism)
Rules claiming more threads will be scaled down.
Job stats:
job                count
---------------  -------
all                    1
analyze_pm25           3
clean_pm25_year        1
download_pm25          1
pubmed_year            3
report_task4           1
total                 10

Select jobs to execute...
Execute 1 jobs...
[Fri Feb 13 21:42:33 2026]
localrule pubmed_year:
    input: src/literature/pubmed_fetch.py, config/task4.yaml
    output: results/literature/2021/pubmed_papers.csv, results/literature/2021/summary_by_year.csv, results/literature/2021/top_journals.csv
    jobid: 10
    reason: Updated input files: config/task4.yaml
    wildcards: year=2021
    resources: tmpdir=/tmp
Select jobs to execute...
[Fri Feb 13 21:42:37 2026]
Finished jobid: 10 (Rule: pubmed_year)
1 of 10 steps (10%) done
Execute 1 jobs...
[Fri Feb 13 21:42:37 2026]
localrule analyze_pm25:
    input: data/processed/pm25_2021_cleaned.pkl, src/obliczenia.py, config/task4.yaml
    output: results/pm25/2021/exceedance_days.csv, results/pm25/2021/daily_means.csv
    jobid: 1
    reason: Updated input files: config/task4.yaml
    wildcards: year=2021
    resources: tmpdir=/tmp
Select jobs to execute...
[Fri Feb 13 21:42:40 2026]
Finished jobid: 1 (Rule: analyze_pm25)
2 of 10 steps (20%) done
Execute 1 jobs...
[Fri Feb 13 21:42:41 2026]
localrule pubmed_year:
    input: src/literature/pubmed_fetch.py, config/task4.yaml
    output: results/literature/2024/pubmed_papers.csv, results/literature/2024/summary_by_year.csv, results/literature/2024/top_journals.csv
    jobid: 11
    reason: Updated input files: config/task4.yaml
    wildcards: year=2024
    resources: tmpdir=/tmp
Select jobs to execute...
[Fri Feb 13 21:42:45 2026]
Finished jobid: 11 (Rule: pubmed_year)
3 of 10 steps (30%) done
Execute 1 jobs...
[Fri Feb 13 21:42:45 2026]
localrule download_pm25:
    output: data/raw/pm25_2010.pkl
    jobid: 9
    reason: Missing output files: data/raw/pm25_2010.pkl
    wildcards: year=2010
    resources: tmpdir=/tmp
Select jobs to execute...
[Fri Feb 13 21:43:11 2026]
Finished jobid: 9 (Rule: download_pm25)
4 of 10 steps (40%) done
Execute 1 jobs...
[Fri Feb 13 21:43:11 2026]
localrule pubmed_year:
    input: src/literature/pubmed_fetch.py, config/task4.yaml
    output: results/literature/2010/pubmed_papers.csv, results/literature/2010/summary_by_year.csv, results/literature/2010/top_journals.csv
    jobid: 12
    reason: Missing output files: results/literature/2010/pubmed_papers.csv; Updated input files: config/task4.yaml
    wildcards: year=2010
    resources: tmpdir=/tmp
Select jobs to execute...
[Fri Feb 13 21:43:18 2026]
Finished jobid: 12 (Rule: pubmed_year)
5 of 10 steps (50%) done
Execute 1 jobs...
[Fri Feb 13 21:43:18 2026]
localrule analyze_pm25:
    input: data/processed/pm25_2024_cleaned.pkl, src/obliczenia.py, config/task4.yaml
    output: results/pm25/2024/exceedance_days.csv, results/pm25/2024/daily_means.csv
    jobid: 4
    reason: Updated input files: config/task4.yaml
    wildcards: year=2024
    resources: tmpdir=/tmp
Select jobs to execute...
[Fri Feb 13 21:43:21 2026]
Finished jobid: 4 (Rule: analyze_pm25)
6 of 10 steps (60%) done
Execute 1 jobs...
[Fri Feb 13 21:43:21 2026]
localrule clean_pm25_year:
    input: data/raw/pm25_2010.pkl, src/czyszczenie_danych.py
    output: data/processed/pm25_2010_cleaned.pkl
    jobid: 8
    reason: Missing output files: data/processed/pm25_2010_cleaned.pkl; Input files updated by another job: data/raw/pm25_2010.pkl
    wildcards: year=2010
    resources: tmpdir=/tmp
[Fri Feb 13 21:43:25 2026]
Finished jobid: 8 (Rule: clean_pm25_year)
7 of 10 steps (70%) done
Select jobs to execute...
Execute 1 jobs...
[Fri Feb 13 21:43:25 2026]
localrule analyze_pm25:
    input: data/processed/pm25_2010_cleaned.pkl, src/obliczenia.py, config/task4.yaml
    output: results/pm25/2010/exceedance_days.csv, results/pm25/2010/daily_means.csv
    jobid: 7
    reason: Missing output files: results/pm25/2010/exceedance_days.csv; Updated input files: config/task4.yaml; Input files updated by another job: data/processed/pm25_2010_cleaned.pkl
    wildcards: year=2010
    resources: tmpdir=/tmp
[Fri Feb 13 21:43:27 2026]
Finished jobid: 7 (Rule: analyze_pm25)
8 of 10 steps (80%) done
Select jobs to execute...
Execute 1 jobs...
[Fri Feb 13 21:43:27 2026]
localrule report_task4:
    input: results/pm25/2021/exceedance_days.csv, results/pm25/2024/exceedance_days.csv, results/pm25/2010/exceedance_days.csv, results/literature/2021/pubmed_papers.csv, results/literature/2024/pubmed_papers.csv, results/literature/2010/pubmed_papers.csv
    output: results/report_task4.md
    jobid: 13
    reason: Input files updated by another job: results/literature/2021/pubmed_papers.csv, results/pm25/2010/exceedance_days.csv, results/pm25/2021/exceedance_days.csv, results/pm25/2024/exceedance_days.csv, results/literature/2024/pubmed_papers.csv, results/literature/2010/pubmed_papers.csv
    resources: tmpdir=/tmp
[Fri Feb 13 21:43:28 2026]
Finished jobid: 13 (Rule: report_task4)
9 of 10 steps (90%) done
Select jobs to execute...
Execute 1 jobs...
[Fri Feb 13 21:43:28 2026]
localrule all:
    input: results/pm25/2021/exceedance_days.csv, results/pm25/2024/exceedance_days.csv, results/pm25/2010/exceedance_days.csv, results/literature/2021/pubmed_papers.csv, results/literature/2024/pubmed_papers.csv, results/literature/2010/pubmed_papers.csv, results/report_task4.md
    jobid: 0
    reason: Input files updated by another job: results/literature/2021/pubmed_papers.csv, results/pm25/2010/exceedance_days.csv, results/pm25/2021/exceedance_days.csv, results/pm25/2024/exceedance_days.csv, results/literature/2024/pubmed_papers.csv, results/literature/2010/pubmed_papers.csv, results/report_task4.md
    resources: tmpdir=/tmp
[Fri Feb 13 21:43:28 2026]
Finished jobid: 0 (Rule: all)
10 of 10 steps (100%) done
Complete log(s): /home/ania/Desktop/Projekt3_ZTP/.snakemake/log/2026-02-13T214233.346537.snakemake.log
