Assuming unrestricted shared filesystem usage.
host: student-workstation
Building DAG of jobs...
Using shell: /usr/bin/bash
Provided cores: 1 (use --cores to define parallelism)
Rules claiming more threads will be scaled down.
Job stats:
job             count
------------  -------
all                 1
analyze_pm25        1
pubmed_year         1
report_task4        1
total               4

Select jobs to execute...
Execute 1 jobs...
[Fri Feb 13 21:52:01 2026]
localrule pubmed_year:
    input: src/literature/pubmed_fetch.py
    output: results/literature/2010/pubmed_papers.csv, results/literature/2010/summary_by_year.csv, results/literature/2010/top_journals.csv
    jobid: 12
    reason: Missing output files: results/literature/2010/pubmed_papers.csv
    wildcards: year=2010
    resources: tmpdir=/tmp
Select jobs to execute...
[Fri Feb 13 21:52:05 2026]
Finished jobid: 12 (Rule: pubmed_year)
1 of 4 steps (25%) done
Execute 1 jobs...
[Fri Feb 13 21:52:05 2026]
localrule analyze_pm25:
    input: data/processed/pm25_2010_cleaned.pkl, src/obliczenia.py, config/task4.yaml
    output: results/pm25/2010/exceedance_days.csv, results/pm25/2010/daily_means.csv
    jobid: 7
    reason: Missing output files: results/pm25/2010/exceedance_days.csv
    wildcards: year=2010
    resources: tmpdir=/tmp
[Fri Feb 13 21:52:06 2026]
Finished jobid: 7 (Rule: analyze_pm25)
2 of 4 steps (50%) done
Select jobs to execute...
Execute 1 jobs...
[Fri Feb 13 21:52:06 2026]
localrule report_task4:
    input: results/pm25/2021/exceedance_days.csv, results/pm25/2024/exceedance_days.csv, results/pm25/2010/exceedance_days.csv, results/literature/2021/pubmed_papers.csv, results/literature/2024/pubmed_papers.csv, results/literature/2010/pubmed_papers.csv
    output: results/report_task4.md
    jobid: 13
    reason: Input files updated by another job: results/literature/2010/pubmed_papers.csv, results/pm25/2010/exceedance_days.csv
    resources: tmpdir=/tmp
[Fri Feb 13 21:52:07 2026]
Finished jobid: 13 (Rule: report_task4)
3 of 4 steps (75%) done
Select jobs to execute...
Execute 1 jobs...
[Fri Feb 13 21:52:07 2026]
localrule all:
    input: results/pm25/2021/exceedance_days.csv, results/pm25/2024/exceedance_days.csv, results/pm25/2010/exceedance_days.csv, results/literature/2021/pubmed_papers.csv, results/literature/2024/pubmed_papers.csv, results/literature/2010/pubmed_papers.csv, results/report_task4.md
    jobid: 0
    reason: Input files updated by another job: results/report_task4.md, results/literature/2010/pubmed_papers.csv, results/pm25/2010/exceedance_days.csv
    resources: tmpdir=/tmp
[Fri Feb 13 21:52:07 2026]
Finished jobid: 0 (Rule: all)
4 of 4 steps (100%) done
Complete log(s): /home/ania/Desktop/Projekt3_ZTP/.snakemake/log/2026-02-13T215200.976502.snakemake.log
