Assuming unrestricted shared filesystem usage.
host: student-workstation
Building DAG of jobs...
Using shell: /usr/bin/bash
Provided cores: 1 (use --cores to define parallelism)
Rules claiming more threads will be scaled down.
Job stats:
job                 count
----------------  -------
all                     1
analyze_pm25            2
plot_pm25_yearly        2
pubmed_year             1
report_task4            1
total                   7

Select jobs to execute...
Execute 1 jobs...
[Sat Feb 14 16:12:22 2026]
localrule analyze_pm25:
    input: data/processed/pm25_2021_cleaned.pkl, src/obliczenia.py
    output: results/pm25/2021/exceedance_days.csv, results/pm25/2021/daily_means.csv
    jobid: 1
    reason: Missing output files: results/pm25/2021/daily_means.csv, results/pm25/2021/exceedance_days.csv; Set of input files has changed since last execution
    wildcards: year=2021
    resources: tmpdir=/tmp
Select jobs to execute...
[Sat Feb 14 16:12:24 2026]
Finished jobid: 1 (Rule: analyze_pm25)
1 of 7 steps (14%) done
Execute 1 jobs...
[Sat Feb 14 16:12:24 2026]
localrule plot_pm25_yearly:
    input: results/pm25/2021/exceedance_days.csv, results/pm25/2021/daily_means.csv
    output: results/pm25/2021/figures/top_exceedances.png, results/pm25/2021/figures/monthly_heatmap.png
    jobid: 9
    reason: Missing output files: results/pm25/2021/figures/top_exceedances.png, results/pm25/2021/figures/monthly_heatmap.png; Input files updated by another job: results/pm25/2021/daily_means.csv, results/pm25/2021/exceedance_days.csv
    wildcards: year=2021
    resources: tmpdir=/tmp
Select jobs to execute...
[Sat Feb 14 16:12:27 2026]
Finished jobid: 9 (Rule: plot_pm25_yearly)
2 of 7 steps (29%) done
Execute 1 jobs...
[Sat Feb 14 16:12:27 2026]
localrule analyze_pm25:
    input: data/processed/pm25_2024_cleaned.pkl, src/obliczenia.py
    output: results/pm25/2024/exceedance_days.csv, results/pm25/2024/daily_means.csv
    jobid: 4
    reason: Set of input files has changed since last execution
    wildcards: year=2024
    resources: tmpdir=/tmp
Select jobs to execute...
[Sat Feb 14 16:12:29 2026]
Finished jobid: 4 (Rule: analyze_pm25)
3 of 7 steps (43%) done
Execute 1 jobs...
[Sat Feb 14 16:12:29 2026]
localrule plot_pm25_yearly:
    input: results/pm25/2024/exceedance_days.csv, results/pm25/2024/daily_means.csv
    output: results/pm25/2024/figures/top_exceedances.png, results/pm25/2024/figures/monthly_heatmap.png
    jobid: 10
    reason: Input files updated by another job: results/pm25/2024/exceedance_days.csv, results/pm25/2024/daily_means.csv
    wildcards: year=2024
    resources: tmpdir=/tmp
Select jobs to execute...
[Sat Feb 14 16:12:31 2026]
Finished jobid: 10 (Rule: plot_pm25_yearly)
4 of 7 steps (57%) done
Execute 1 jobs...
[Sat Feb 14 16:12:31 2026]
localrule pubmed_year:
    input: src/literature/pubmed_fetch.py
    output: results/literature/2021/pubmed_papers.csv, results/literature/2021/summary_by_year.csv, results/literature/2021/top_journals.csv
    jobid: 7
    reason: Missing output files: results/literature/2021/pubmed_papers.csv
    wildcards: year=2021
    resources: tmpdir=/tmp
[Sat Feb 14 16:12:36 2026]
Finished jobid: 7 (Rule: pubmed_year)
5 of 7 steps (71%) done
Select jobs to execute...
Execute 1 jobs...
[Sat Feb 14 16:12:36 2026]
localrule report_task4:
    input: results/pm25/2021/exceedance_days.csv, results/pm25/2024/exceedance_days.csv, results/literature/2021/pubmed_papers.csv, results/literature/2024/pubmed_papers.csv
    output: results/report_task4.md
    jobid: 11
    reason: Input files updated by another job: results/literature/2021/pubmed_papers.csv, results/pm25/2024/exceedance_days.csv, results/pm25/2021/exceedance_days.csv
    resources: tmpdir=/tmp
[Sat Feb 14 16:12:36 2026]
Finished jobid: 11 (Rule: report_task4)
6 of 7 steps (86%) done
Select jobs to execute...
Execute 1 jobs...
[Sat Feb 14 16:12:36 2026]
localrule all:
    input: results/pm25/2021/exceedance_days.csv, results/pm25/2024/exceedance_days.csv, results/pm25/2021/daily_means.csv, results/pm25/2024/daily_means.csv, results/literature/2021/pubmed_papers.csv, results/literature/2024/pubmed_papers.csv, results/pm25/2021/figures/top_exceedances.png, results/pm25/2024/figures/top_exceedances.png, results/pm25/2021/figures/monthly_heatmap.png, results/pm25/2024/figures/monthly_heatmap.png, results/report_task4.md
    jobid: 0
    reason: Input files updated by another job: results/pm25/2021/daily_means.csv, results/pm25/2024/figures/top_exceedances.png, results/pm25/2024/figures/monthly_heatmap.png, results/literature/2021/pubmed_papers.csv, results/pm25/2024/exceedance_days.csv, results/pm25/2021/exceedance_days.csv, results/pm25/2024/daily_means.csv, results/pm25/2021/figures/monthly_heatmap.png, results/pm25/2021/figures/top_exceedances.png, results/report_task4.md
    resources: tmpdir=/tmp
[Sat Feb 14 16:12:36 2026]
Finished jobid: 0 (Rule: all)
7 of 7 steps (100%) done
Complete log(s): /home/ania/Desktop/Projekt4_ZTP/.snakemake/log/2026-02-14T161222.251464.snakemake.log
