Assuming unrestricted shared filesystem usage.
host: student-workstation
Building DAG of jobs...
Using shell: /usr/bin/bash
Provided cores: 1 (use --cores to define parallelism)
Rules claiming more threads will be scaled down.
Job stats:
job                count
---------------  -------
all                    1
analyze_pm25           2
clean_pm25_year        2
pubmed_year            2
report_task4           1
total                  8

Select jobs to execute...
Execute 1 jobs...
[Fri Feb 13 22:53:45 2026]
localrule pubmed_year:
    input: src/literature/pubmed_fetch.py
    output: results/literature/2024/pubmed_papers.csv, results/literature/2024/summary_by_year.csv, results/literature/2024/top_journals.csv
    jobid: 8
    reason: Missing output files: results/literature/2024/pubmed_papers.csv
    wildcards: year=2024
    resources: tmpdir=/tmp
Select jobs to execute...
[Fri Feb 13 22:53:48 2026]
Finished jobid: 8 (Rule: pubmed_year)
1 of 8 steps (12%) done
Execute 1 jobs...
[Fri Feb 13 22:53:48 2026]
localrule pubmed_year:
    input: src/literature/pubmed_fetch.py
    output: results/literature/2021/pubmed_papers.csv, results/literature/2021/summary_by_year.csv, results/literature/2021/top_journals.csv
    jobid: 7
    reason: Missing output files: results/literature/2021/pubmed_papers.csv
    wildcards: year=2021
    resources: tmpdir=/tmp
Select jobs to execute...
[Fri Feb 13 22:53:50 2026]
Finished jobid: 7 (Rule: pubmed_year)
2 of 8 steps (25%) done
Execute 1 jobs...
[Fri Feb 13 22:53:50 2026]
localrule clean_pm25_year:
    input: data/raw/pm25_2024.pkl, src/czyszczenie_danych.py
    output: data/processed/pm25_2024_cleaned.pkl
    jobid: 5
    reason: Missing output files: data/processed/pm25_2024_cleaned.pkl
    wildcards: year=2024
    resources: tmpdir=/tmp
Select jobs to execute...
[Fri Feb 13 22:53:59 2026]
Finished jobid: 5 (Rule: clean_pm25_year)
3 of 8 steps (38%) done
Execute 1 jobs...
[Fri Feb 13 22:53:59 2026]
localrule clean_pm25_year:
    input: data/raw/pm25_2021.pkl, src/czyszczenie_danych.py
    output: data/processed/pm25_2021_cleaned.pkl
    jobid: 2
    reason: Missing output files: data/processed/pm25_2021_cleaned.pkl
    wildcards: year=2021
    resources: tmpdir=/tmp
Select jobs to execute...
[Fri Feb 13 22:54:08 2026]
Finished jobid: 2 (Rule: clean_pm25_year)
4 of 8 steps (50%) done
Execute 1 jobs...
[Fri Feb 13 22:54:08 2026]
localrule analyze_pm25:
    input: data/processed/pm25_2021_cleaned.pkl, src/obliczenia.py, config/task4.yaml
    output: results/pm25/2021/exceedance_days.csv, results/pm25/2021/daily_means.csv
    jobid: 1
    reason: Missing output files: results/pm25/2021/exceedance_days.csv; Input files updated by another job: data/processed/pm25_2021_cleaned.pkl
    wildcards: year=2021
    resources: tmpdir=/tmp
Select jobs to execute...
[Fri Feb 13 22:54:10 2026]
Finished jobid: 1 (Rule: analyze_pm25)
5 of 8 steps (62%) done
Execute 1 jobs...
[Fri Feb 13 22:54:10 2026]
localrule analyze_pm25:
    input: data/processed/pm25_2024_cleaned.pkl, src/obliczenia.py, config/task4.yaml
    output: results/pm25/2024/exceedance_days.csv, results/pm25/2024/daily_means.csv
    jobid: 4
    reason: Missing output files: results/pm25/2024/exceedance_days.csv; Input files updated by another job: data/processed/pm25_2024_cleaned.pkl
    wildcards: year=2024
    resources: tmpdir=/tmp
[Fri Feb 13 22:54:12 2026]
Finished jobid: 4 (Rule: analyze_pm25)
6 of 8 steps (75%) done
Select jobs to execute...
Execute 1 jobs...
[Fri Feb 13 22:54:12 2026]
localrule report_task4:
    input: results/pm25/2021/exceedance_days.csv, results/pm25/2024/exceedance_days.csv, results/literature/2021/pubmed_papers.csv, results/literature/2024/pubmed_papers.csv
    output: results/report_task4.md
    jobid: 9
    reason: Missing output files: results/report_task4.md; Input files updated by another job: results/pm25/2021/exceedance_days.csv, results/literature/2021/pubmed_papers.csv, results/pm25/2024/exceedance_days.csv, results/literature/2024/pubmed_papers.csv; Set of input files has changed since last execution
    resources: tmpdir=/tmp
[Fri Feb 13 22:54:12 2026]
Finished jobid: 9 (Rule: report_task4)
7 of 8 steps (88%) done
Select jobs to execute...
Execute 1 jobs...
[Fri Feb 13 22:54:12 2026]
localrule all:
    input: results/pm25/2021/exceedance_days.csv, results/pm25/2024/exceedance_days.csv, results/literature/2021/pubmed_papers.csv, results/literature/2024/pubmed_papers.csv, results/report_task4.md
    jobid: 0
    reason: Input files updated by another job: results/pm25/2024/exceedance_days.csv, results/report_task4.md, results/pm25/2021/exceedance_days.csv, results/literature/2021/pubmed_papers.csv, results/literature/2024/pubmed_papers.csv
    resources: tmpdir=/tmp
[Fri Feb 13 22:54:12 2026]
Finished jobid: 0 (Rule: all)
8 of 8 steps (100%) done
Complete log(s): /home/ania/Desktop/Projekt3_ZTP/.snakemake/log/2026-02-13T225345.069667.snakemake.log
