Assuming unrestricted shared filesystem usage.
host: student-workstation
Building DAG of jobs...
Using shell: /usr/bin/bash
Provided cores: 1 (use --cores to define parallelism)
Rules claiming more threads will be scaled down.
Job stats:
job             count
------------  -------
all                 1
report_task4        1
total               2

Select jobs to execute...
Execute 1 jobs...
[Fri Feb 13 23:30:07 2026]
localrule report_task4:
    input: results/pm25/2021/exceedance_days.csv, results/pm25/2024/exceedance_days.csv, results/literature/2021/pubmed_papers.csv, results/literature/2024/pubmed_papers.csv
    output: results/report_task4.md
    jobid: 9
    reason: Missing output files: results/report_task4.md
    resources: tmpdir=/tmp
[Fri Feb 13 23:30:07 2026]
Finished jobid: 9 (Rule: report_task4)
1 of 2 steps (50%) done
Select jobs to execute...
Execute 1 jobs...
[Fri Feb 13 23:30:07 2026]
localrule all:
    input: results/pm25/2021/exceedance_days.csv, results/pm25/2024/exceedance_days.csv, results/literature/2021/pubmed_papers.csv, results/literature/2024/pubmed_papers.csv, results/report_task4.md
    jobid: 0
    reason: Input files updated by another job: results/report_task4.md
    resources: tmpdir=/tmp
[Fri Feb 13 23:30:07 2026]
Finished jobid: 0 (Rule: all)
2 of 2 steps (100%) done
Complete log(s): /home/ania/Desktop/Projekt3_ZTP/.snakemake/log/2026-02-13T233006.729296.snakemake.log
