Assuming unrestricted shared filesystem usage.
host: student-workstation
Building DAG of jobs...
Using shell: /usr/bin/bash
Provided cores: 1 (use --cores to define parallelism)
Rules claiming more threads will be scaled down.
Job stats:
job             count
------------  -------
all                 1
pubmed_year         2
report_task4        1
total               4

Select jobs to execute...
Execute 1 jobs...
[Fri Feb 13 23:24:28 2026]
localrule pubmed_year:
    input: src/literature/pubmed_fetch.py
    output: results/literature/2021/pubmed_papers.csv, results/literature/2021/summary_by_year.csv, results/literature/2021/top_journals.csv
    jobid: 7
    reason: Missing output files: results/literature/2021/pubmed_papers.csv
    wildcards: year=2021
    resources: tmpdir=/tmp
Select jobs to execute...
[Fri Feb 13 23:24:32 2026]
Finished jobid: 7 (Rule: pubmed_year)
1 of 4 steps (25%) done
Execute 1 jobs...
[Fri Feb 13 23:24:32 2026]
localrule pubmed_year:
    input: src/literature/pubmed_fetch.py
    output: results/literature/2024/pubmed_papers.csv, results/literature/2024/summary_by_year.csv, results/literature/2024/top_journals.csv
    jobid: 8
    reason: Missing output files: results/literature/2024/pubmed_papers.csv
    wildcards: year=2024
    resources: tmpdir=/tmp
[Fri Feb 13 23:24:35 2026]
Finished jobid: 8 (Rule: pubmed_year)
2 of 4 steps (50%) done
Select jobs to execute...
Execute 1 jobs...
[Fri Feb 13 23:24:35 2026]
localrule report_task4:
    input: results/pm25/2021/exceedance_days.csv, results/pm25/2024/exceedance_days.csv, results/literature/2021/pubmed_papers.csv, results/literature/2024/pubmed_papers.csv
    output: results/report_task4.md
    jobid: 9
    reason: Input files updated by another job: results/literature/2021/pubmed_papers.csv, results/literature/2024/pubmed_papers.csv
    resources: tmpdir=/tmp
[Fri Feb 13 23:24:36 2026]
Finished jobid: 9 (Rule: report_task4)
3 of 4 steps (75%) done
Select jobs to execute...
Execute 1 jobs...
[Fri Feb 13 23:24:36 2026]
localrule all:
    input: results/pm25/2021/exceedance_days.csv, results/pm25/2024/exceedance_days.csv, results/literature/2021/pubmed_papers.csv, results/literature/2024/pubmed_papers.csv, results/report_task4.md
    jobid: 0
    reason: Input files updated by another job: results/literature/2021/pubmed_papers.csv, results/literature/2024/pubmed_papers.csv, results/report_task4.md
    resources: tmpdir=/tmp
[Fri Feb 13 23:24:36 2026]
Finished jobid: 0 (Rule: all)
4 of 4 steps (100%) done
Complete log(s): /home/ania/Desktop/Projekt3_ZTP/.snakemake/log/2026-02-13T232428.239201.snakemake.log
