Assuming unrestricted shared filesystem usage.
host: student-workstation
Building DAG of jobs...
Using shell: /usr/bin/bash
Provided cores: 1 (use --cores to define parallelism)
Rules claiming more threads will be scaled down.
Job stats:
job             count
------------  -------
all                 1
pubmed_year         1
report_task4        1
total               3

Select jobs to execute...
Execute 1 jobs...
[Fri Feb 13 22:49:13 2026]
localrule pubmed_year:
    input: src/literature/pubmed_fetch.py
    output: results/literature/2010/pubmed_papers.csv, results/literature/2010/summary_by_year.csv, results/literature/2010/top_journals.csv
    jobid: 12
    reason: Missing output files: results/literature/2010/pubmed_papers.csv
    wildcards: year=2010
    resources: tmpdir=/tmp
[Fri Feb 13 22:49:14 2026]
Finished jobid: 12 (Rule: pubmed_year)
1 of 3 steps (33%) done
Select jobs to execute...
Execute 1 jobs...
[Fri Feb 13 22:49:14 2026]
localrule report_task4:
    input: results/pm25/2021/exceedance_days.csv, results/pm25/2024/exceedance_days.csv, results/pm25/2010/exceedance_days.csv, results/literature/2021/pubmed_papers.csv, results/literature/2024/pubmed_papers.csv, results/literature/2010/pubmed_papers.csv
    output: results/report_task4.md
    jobid: 13
    reason: Missing output files: results/report_task4.md; Input files updated by another job: results/literature/2010/pubmed_papers.csv
    resources: tmpdir=/tmp
[Fri Feb 13 22:49:14 2026]
Finished jobid: 13 (Rule: report_task4)
2 of 3 steps (67%) done
Select jobs to execute...
Execute 1 jobs...
[Fri Feb 13 22:49:14 2026]
localrule all:
    input: results/pm25/2021/exceedance_days.csv, results/pm25/2024/exceedance_days.csv, results/pm25/2010/exceedance_days.csv, results/literature/2021/pubmed_papers.csv, results/literature/2024/pubmed_papers.csv, results/literature/2010/pubmed_papers.csv, results/report_task4.md
    jobid: 0
    reason: Input files updated by another job: results/literature/2010/pubmed_papers.csv, results/report_task4.md
    resources: tmpdir=/tmp
[Fri Feb 13 22:49:14 2026]
Finished jobid: 0 (Rule: all)
3 of 3 steps (100%) done
Complete log(s): /home/ania/Desktop/Projekt3_ZTP/.snakemake/log/2026-02-13T224912.792957.snakemake.log
