Assuming unrestricted shared filesystem usage.
host: student-workstation
Building DAG of jobs...
Using shell: /usr/bin/bash
Provided cores: 1 (use --cores to define parallelism)
Rules claiming more threads will be scaled down.
Job stats:
job                 count
----------------  -------
all                     1
plot_pm25_yearly        2
pubmed_year             1
report_task4            1
total                   5

Select jobs to execute...
Execute 1 jobs...
[Sat Feb 14 11:55:08 2026]
localrule plot_pm25_yearly:
    input: results/pm25/2024/exceedance_days.csv, results/pm25/2024/daily_means.csv
    output: results/pm25/2024/figures/ranking_przekroczen.png, results/pm25/2024/figures/daily_trends.png
    jobid: 10
    reason: Missing output files: results/pm25/2024/figures/daily_trends.png, results/pm25/2024/figures/ranking_przekroczen.png
    wildcards: year=2024
    resources: tmpdir=/tmp
Select jobs to execute...
[Sat Feb 14 11:55:10 2026]
Finished jobid: 10 (Rule: plot_pm25_yearly)
1 of 5 steps (20%) done
Execute 1 jobs...
[Sat Feb 14 11:55:10 2026]
localrule pubmed_year:
    input: src/literature/pubmed_fetch.py
    output: results/literature/2024/pubmed_papers.csv, results/literature/2024/summary_by_year.csv, results/literature/2024/top_journals.csv
    jobid: 8
    reason: Updated input files: src/literature/pubmed_fetch.py
    wildcards: year=2024
    resources: tmpdir=/tmp
Select jobs to execute...
[Sat Feb 14 11:55:16 2026]
Finished jobid: 8 (Rule: pubmed_year)
2 of 5 steps (40%) done
Execute 1 jobs...
[Sat Feb 14 11:55:16 2026]
localrule plot_pm25_yearly:
    input: results/pm25/2021/exceedance_days.csv, results/pm25/2021/daily_means.csv
    output: results/pm25/2021/figures/ranking_przekroczen.png, results/pm25/2021/figures/daily_trends.png
    jobid: 9
    reason: Missing output files: results/pm25/2021/figures/ranking_przekroczen.png, results/pm25/2021/figures/daily_trends.png
    wildcards: year=2021
    resources: tmpdir=/tmp
Select jobs to execute...
[Sat Feb 14 11:55:19 2026]
Finished jobid: 9 (Rule: plot_pm25_yearly)
3 of 5 steps (60%) done
Execute 1 jobs...
[Sat Feb 14 11:55:19 2026]
localrule report_task4:
    input: results/pm25/2021/exceedance_days.csv, results/pm25/2024/exceedance_days.csv, results/literature/2021/pubmed_papers.csv, results/literature/2024/pubmed_papers.csv
    output: results/report_task4.md
    jobid: 11
    reason: Input files updated by another job: results/literature/2024/pubmed_papers.csv
    resources: tmpdir=/tmp
[Sat Feb 14 11:55:19 2026]
Finished jobid: 11 (Rule: report_task4)
4 of 5 steps (80%) done
Select jobs to execute...
Execute 1 jobs...
[Sat Feb 14 11:55:19 2026]
localrule all:
    input: results/pm25/2021/exceedance_days.csv, results/pm25/2024/exceedance_days.csv, results/pm25/2021/daily_means.csv, results/pm25/2024/daily_means.csv, results/literature/2021/pubmed_papers.csv, results/literature/2024/pubmed_papers.csv, results/pm25/2021/figures/ranking_przekroczen.png, results/pm25/2024/figures/ranking_przekroczen.png, results/pm25/2021/figures/daily_trends.png, results/pm25/2024/figures/daily_trends.png, results/report_task4.md
    jobid: 0
    reason: Input files updated by another job: results/pm25/2021/figures/ranking_przekroczen.png, results/pm25/2024/figures/daily_trends.png, results/pm25/2021/figures/daily_trends.png, results/report_task4.md, results/literature/2024/pubmed_papers.csv, results/pm25/2024/figures/ranking_przekroczen.png
    resources: tmpdir=/tmp
[Sat Feb 14 11:55:19 2026]
Finished jobid: 0 (Rule: all)
5 of 5 steps (100%) done
Complete log(s): /home/ania/Desktop/Projekt3_ZTP/.snakemake/log/2026-02-14T115507.703183.snakemake.log
