Assuming unrestricted shared filesystem usage.
host: student-workstation
Building DAG of jobs...
Using shell: /usr/bin/bash
Provided cores: 1 (use --cores to define parallelism)
Rules claiming more threads will be scaled down.
Job stats:
job             count
------------  -------
all                 1
analyze_pm25        3
pubmed_year         3
report_task4        1
total               8

Select jobs to execute...
Execute 1 jobs...
[Fri Feb 13 22:17:25 2026]
localrule pubmed_year:
    input: src/literature/pubmed_fetch.py
    output: results/literature/2021/pubmed_papers.csv, results/literature/2021/summary_by_year.csv, results/literature/2021/top_journals.csv, results/literature/2021/query_stats.csv
    jobid: 10
    reason: Forced execution
    wildcards: year=2021
    resources: tmpdir=/tmp
RuleException:
CalledProcessError in file "/home/ania/Desktop/Projekt3_ZTP/Snakefile", line 101:
Command 'set -euo pipefail;  python src/literature/pubmed_fetch.py --year 2021 --config config/task4.yaml --output_dir results/literature/2021' returned non-zero exit status 1.
[Fri Feb 13 22:17:26 2026]
Error in rule pubmed_year:
    message: None
    jobid: 10
    input: src/literature/pubmed_fetch.py
    output: results/literature/2021/pubmed_papers.csv, results/literature/2021/summary_by_year.csv, results/literature/2021/top_journals.csv, results/literature/2021/query_stats.csv
    shell:
        python src/literature/pubmed_fetch.py --year 2021 --config config/task4.yaml --output_dir results/literature/2021
        (command exited with non-zero exit code)
Shutting down, this might take some time.
Exiting because a job execution failed. Look below for error messages
[Fri Feb 13 22:17:26 2026]
Error in rule pubmed_year:
    message: None
    jobid: 10
    input: src/literature/pubmed_fetch.py
    output: results/literature/2021/pubmed_papers.csv, results/literature/2021/summary_by_year.csv, results/literature/2021/top_journals.csv, results/literature/2021/query_stats.csv
    shell:
        python src/literature/pubmed_fetch.py --year 2021 --config config/task4.yaml --output_dir results/literature/2021
        (command exited with non-zero exit code)
Complete log(s): /home/ania/Desktop/Projekt3_ZTP/.snakemake/log/2026-02-13T221725.252220.snakemake.log
WorkflowError:
At least one job did not complete successfully.
